exports[`Home component is rendered 1`] = `
<div>
  <h2
    className="tc f6 fw6 ttu tracked">
    Get Started
  </h2>
  <p
    className="tc">
    Login to 
    <a
      className="f6 grow no-underline br-pill ba bw2 ph3 pv2 mb2 dib black"
      onClick={[Function]}
      style={Object {}}>
      demo app
    </a>
  </p>
</div>
`;
