exports[`NotFound page is rendered 1`] = `
<div
  className="ph3 mt4">
  <h1
    className="f6 fw6 ttu tracked">
    Page not found.
  </h1>
  <a
    className="f6 grow no-underline br-pill ba bw2 ph3 pv2 mb2 dib black"
    onClick={[Function]}
    style={Object {}}>
    Home
  </a>
</div>
`;
